// Jest Snapshot v1, https://goo.gl/fbAQLP

exports[`Testing Filter with static router Categoryfood snapshot testing 1`] = `
<div
  className="meals_dish swing"
>
  <div
    className="meals_img_div"
  >
    <img
      alt="NA"
      className="meals_img"
    />
  </div>
  <a
    href="/food"
    onClick={[Function]}
  >
    <button
      className="category_name"
      onClick={[MockFunction]}
      type="button"
    />
  </a>
</div>
`;
